// Jest Snapshot v1, https://goo.gl/fbAQLP

exports[`Test on <FirstApp /> should display <FirstApp /> correctly 1`] = `
<Fragment>
  <h1>
    Hello world
  </h1>
  <p>
    I'm a subtitle!
  </p>
</Fragment>
`;
