// Jest Snapshot v1, https://goo.gl/fbAQLP

exports[`Tests on <AppRouter /> should display correctly 1`] = `
<div>
  <nav
    className="navbar navbar-expand-sm navbar-dark bg-dark"
  >
    <div
      className="container-fluid"
    >
      <a
        aria-current="page"
        className="navbar-brand active"
        href="/"
        onClick={[Function]}
      >
        useContext
      </a>
      <div
        className="collapse navbar-collapse"
        id="navbarNavAltMarkup"
      >
        <div
          className="navbar-nav"
        >
          <a
            aria-current="page"
            className="nav-link active"
            exact="true"
            href="/"
            onClick={[Function]}
          >
            Home
          </a>
          <a
            className="nav-link "
            exact="true"
            href="/login"
            onClick={[Function]}
          >
            Login
          </a>
          <a
            className="nav-link "
            exact="true"
            href="/about"
            onClick={[Function]}
          >
            About
          </a>
        </div>
      </div>
    </div>
  </nav>
  <div>
    <h1>
      Home Screen
    </h1>
    <hr />
    <pre
      className="container "
    >
      {
   "id": 1,
   "name": "Nicolas"
}
    </pre>
  </div>
</div>
`;
