// Jest Snapshot v1, https://goo.gl/fbAQLP

exports[`Tests on <HomeScreen /> should display correctly 1`] = `
<div>
  <h1>
    Home Screen
  </h1>
  <hr />
  <pre
    className="container "
  >
    {
   "name": "Nicolas",
   "email": "a@a.com"
}
  </pre>
</div>
`;
