// Jest Snapshot v1, https://goo.gl/fbAQLP

exports[`Tests on <RealExampleRef /> should display correctly 1`] = `
<div>
  <h1>
    Real Example Ref
  </h1>
  <hr />
  <hr />
  <button
    className="btn btn-outline-primary"
    onClick={[Function]}
  >
    Show/Hide
  </button>
</div>
`;
